warning: in the working copy of '.env.example', LF will be replaced by CRLF the next time Git touches it
warning: in the working copy of '.eslintrc.json', LF will be replaced by CRLF the next time Git touches it
warning: in the working copy of '.gitignore', LF will be replaced by CRLF the next time Git touches it
warning: in the working copy of '.zcode/plans/plan-sess_a9759186-2891-4c92-bcc4-9a2637c3266f.md', LF will be replaced by CRLF the next time Git touches it
warning: in the working copy of 'COMO-USAR.md', LF will be replaced by CRLF the next time Git touches it
warning: in the working copy of 'ROTEIRO-VIDEO.md', LF will be replaced by CRLF the next time Git touches it
warning: in the working copy of 'app/admin/configuracoes/page.tsx', LF will be replaced by CRLF the next time Git touches it
warning: in the working copy of 'app/admin/estoque/page.tsx', LF will be replaced by CRLF the next time Git touches it
warning: in the working copy of 'app/admin/layout.tsx', LF will be replaced by CRLF the next time Git touches it
warning: in the working copy of 'app/admin/page.tsx', LF will be replaced by CRLF the next time Git touches it
warning: in the working copy of 'app/admin/pedidos/[id]/page.tsx', LF will be replaced by CRLF the next time Git touches it
warning: in the working copy of 'app/admin/pedidos/page.tsx', LF will be replaced by CRLF the next time Git touches it
warning: in the working copy of 'app/admin/produtos/[id]/page.tsx', LF will be replaced by CRLF the next time Git touches it
warning: in the working copy of 'app/admin/produtos/novo/page.tsx', LF will be replaced by CRLF the next time Git touches it
warning: in the working copy of 'app/admin/produtos/page.tsx', LF will be replaced by CRLF the next time Git touches it
warning: in the working copy of 'app/admin/sem-permissao/page.tsx', LF will be replaced by CRLF the next time Git touches it
warning: in the working copy of 'app/admin/zonas-entrega/page.tsx', LF will be replaced by CRLF the next time Git touches it
warning: in the working copy of 'app/api/admin/pedido-status/route.ts', LF will be replaced by CRLF the next time Git touches it
warning: in the working copy of 'app/buscar/page.tsx', LF will be replaced by CRLF the next time Git touches it
warning: in the working copy of 'app/carrinho/page.tsx', LF will be replaced by CRLF the next time Git touches it
warning: in the working copy of 'app/catalogo/page.tsx', LF will be replaced by CRLF the next time Git touches it
warning: in the working copy of 'app/categoria/[slug]/page.tsx', LF will be replaced by CRLF the next time Git touches it
warning: in the working copy of 'app/checkout/page.tsx', LF will be replaced by CRLF the next time Git touches it
warning: in the working copy of 'app/entrar/page.tsx', LF will be replaced by CRLF the next time Git touches it
warning: in the working copy of 'app/globals.css', LF will be replaced by CRLF the next time Git touches it
warning: in the working copy of 'app/layout.tsx', LF will be replaced by CRLF the next time Git touches it
warning: in the working copy of 'app/not-found.tsx', LF will be replaced by CRLF the next time Git touches it
warning: in the working copy of 'app/page.tsx', LF will be replaced by CRLF the next time Git touches it
warning: in the working copy of 'app/produto/[slug]/page.tsx', LF will be replaced by CRLF the next time Git touches it
warning: in the working copy of 'components.json', LF will be replaced by CRLF the next time Git touches it
warning: in the working copy of 'components/admin/admin-sidebar.tsx', LF will be replaced by CRLF the next time Git touches it
warning: in the working copy of 'components/admin/notificar-cliente.tsx', LF will be replaced by CRLF the next time Git touches it
warning: in the working copy of 'components/admin/produto-form.tsx', LF will be replaced by CRLF the next time Git touches it
warning: in the working copy of 'components/admin/status-controle.tsx', LF will be replaced by CRLF the next time Git touches it
warning: in the working copy of 'components/loja/cart-drawer.tsx', LF will be replaced by CRLF the next time Git touches it
warning: in the working copy of 'components/loja/catalogo-cliente.tsx', LF will be replaced by CRLF the next time Git touches it
warning: in the working copy of 'components/loja/checkout-cliente.tsx', LF will be replaced by CRLF the next time Git touches it
warning: in the working copy of 'components/loja/footer-loja.tsx', LF will be replaced by CRLF the next time Git touches it
warning: in the working copy of 'components/loja/header-loja.tsx', LF will be replaced by CRLF the next time Git touches it
warning: in the working copy of 'components/loja/loja-shell.tsx', LF will be replaced by CRLF the next time Git touches it
warning: in the working copy of 'components/loja/product-card.tsx', LF will be replaced by CRLF the next time Git touches it
warning: in the working copy of 'components/loja/produto-detalhe.tsx', LF will be replaced by CRLF the next time Git touches it
warning: in the working copy of 'components/loja/whatsapp-fab.tsx', LF will be replaced by CRLF the next time Git touches it
warning: in the working copy of 'components/shared/botao-avaliacao-google.tsx', LF will be replaced by CRLF the next time Git touches it
warning: in the working copy of 'components/shared/whatsapp-icon.tsx', LF will be replaced by CRLF the next time Git touches it
warning: in the working copy of 'components/ui/badge.tsx', LF will be replaced by CRLF the next time Git touches it
warning: in the working copy of 'components/ui/button.tsx', LF will be replaced by CRLF the next time Git touches it
warning: in the working copy of 'components/ui/card.tsx', LF will be replaced by CRLF the next time Git touches it
warning: in the working copy of 'components/ui/dialog.tsx', LF will be replaced by CRLF the next time Git touches it
warning: in the working copy of 'components/ui/input.tsx', LF will be replaced by CRLF the next time Git touches it
warning: in the working copy of 'components/ui/label.tsx', LF will be replaced by CRLF the next time Git touches it
warning: in the working copy of 'components/ui/separator.tsx', LF will be replaced by CRLF the next time Git touches it
warning: in the working copy of 'components/ui/sheet.tsx', LF will be replaced by CRLF the next time Git touches it
warning: in the working copy of 'dev.log', LF will be replaced by CRLF the next time Git touches it
warning: in the working copy of 'dev2.log', LF will be replaced by CRLF the next time Git touches it
warning: in the working copy of 'git_init.log', LF will be replaced by CRLF the next time Git touches it
warning: in the working copy of 'high-line/index.html', LF will be replaced by CRLF the next time Git touches it
warning: in the working copy of 'high-line/script.js', LF will be replaced by CRLF the next time Git touches it
warning: in the working copy of 'high-line/styles.css', LF will be replaced by CRLF the next time Git touches it
warning: in the working copy of 'install.log', LF will be replaced by CRLF the next time Git touches it
warning: in the working copy of 'install2.log', LF will be replaced by CRLF the next time Git touches it
warning: in the working copy of 'lib/admin-data.ts', LF will be replaced by CRLF the next time Git touches it
warning: in the working copy of 'lib/auth-server.ts', LF will be replaced by CRLF the next time Git touches it
warning: in the working copy of 'lib/carrinho.ts', LF will be replaced by CRLF the next time Git touches it
warning: in the working copy of 'lib/cep.ts', LF will be replaced by CRLF the next time Git touches it
warning: in the working copy of 'lib/data.ts', LF will be replaced by CRLF the next time Git touches it
warning: in the working copy of 'lib/frete.ts', LF will be replaced by CRLF the next time Git touches it
warning: in the working copy of 'lib/loja-config.ts', LF will be replaced by CRLF the next time Git touches it
warning: in the working copy of 'lib/mercadopago.ts', LF will be replaced by CRLF the next time Git touches it
warning: in the working copy of 'lib/mock-data.ts', LF will be replaced by CRLF the next time Git touches it
warning: in the working copy of 'lib/money.ts', LF will be replaced by CRLF the next time Git touches it
warning: in the working copy of 'lib/status-pedido.ts', LF will be replaced by CRLF the next time Git touches it
warning: in the working copy of 'lib/store/carrinho.ts', LF will be replaced by CRLF the next time Git touches it
warning: in the working copy of 'lib/supabase/admin.ts', LF will be replaced by CRLF the next time Git touches it
warning: in the working copy of 'lib/supabase/client.ts', LF will be replaced by CRLF the next time Git touches it
warning: in the working copy of 'lib/supabase/server.ts', LF will be replaced by CRLF the next time Git touches it
warning: in the working copy of 'lib/utils.ts', LF will be replaced by CRLF the next time Git touches it
warning: in the working copy of 'middleware.ts', LF will be replaced by CRLF the next time Git touches it
warning: in the working copy of 'next.config.mjs', LF will be replaced by CRLF the next time Git touches it
warning: in the working copy of 'package-lock.json', LF will be replaced by CRLF the next time Git touches it
warning: in the working copy of 'package.json', LF will be replaced by CRLF the next time Git touches it
warning: in the working copy of 'pdf_gen.log', LF will be replaced by CRLF the next time Git touches it
warning: in the working copy of 'pdf_gen2.log', LF will be replaced by CRLF the next time Git touches it
warning: in the working copy of 'pdf_gen3.log', LF will be replaced by CRLF the next time Git touches it
warning: in the working copy of 'pdflib.log', LF will be replaced by CRLF the next time Git touches it
warning: in the working copy of 'postcss.config.js', LF will be replaced by CRLF the next time Git touches it
warning: in the working copy of 'proposta-comercial.html', LF will be replaced by CRLF the next time Git touches it
warning: in the working copy of 'public/analisa-cores.html', LF will be replaced by CRLF the next time Git touches it
warning: in the working copy of 'public/galeria.html', LF will be replaced by CRLF the next time Git touches it
warning: in the working copy of 'pw_chromium.log', LF will be replaced by CRLF the next time Git touches it
warning: in the working copy of 'pw_install.log', LF will be replaced by CRLF the next time Git touches it
warning: in the working copy of 'supabase/RODAR_NO_SUPABASE.sql', LF will be replaced by CRLF the next time Git touches it
warning: in the working copy of 'supabase/migrations/0001_init.sql', LF will be replaced by CRLF the next time Git touches it
warning: in the working copy of 'supabase/migrations/0002_permissoes_roles.sql', LF will be replaced by CRLF the next time Git touches it
warning: in the working copy of 'supabase/produtos-exemplo.sql', LF will be replaced by CRLF the next time Git touches it
warning: in the working copy of 'supabase/seed.sql', LF will be replaced by CRLF the next time Git touches it
warning: in the working copy of 'tailwind.config.ts', LF will be replaced by CRLF the next time Git touches it
warning: in the working copy of 'tsconfig.json', LF will be replaced by CRLF the next time Git touches it
warning: in the working copy of 'types/database.types.ts', LF will be replaced by CRLF the next time Git touches it
