rm '.zcode/plans/plan-sess_a9759186-2891-4c92-bcc4-9a2637c3266f.md'
rm 'baixar_ig.ps1'
rm 'dev.log'
rm 'dev2.log'
rm 'git_add.log'
rm 'git_init.log'
rm 'install.log'
rm 'install2.log'
rm 'logo_ama.jpg'
rm 'pdf_gen.log'
rm 'pdf_gen2.log'
rm 'pdf_gen3.log'
rm 'pdflib.log'
rm 'public/analisa-cores.html'
rm 'public/galeria.html'
rm 'pw_chromium.log'
rm 'pw_install.log'
rm 'tsc.log'
rm 'tsc3.log'
rm 'tsc_admin.log'
rm 'tsc_admin2.log'
rm 'tsc_admin3.log'
rm 'tsc_cep.log'
rm 'tsc_checkout.log'
rm 'tsc_final.log'
rm 'tsc_final2.log'
rm 'tsc_final3.log'
rm 'tsc_final4.log'
rm 'tsc_fixes.log'
rm 'tsc_fresh.log'
rm 'tsc_google.log'
rm 'tsc_head.log'
rm 'tsc_logo.log'
rm 'tsc_notif.log'
rm 'tsc_notif2.log'
rm 'tsc_roles.log'
rm 'tsc_star.log'
rm 'tsc_topbar.log'
rm 'tsc_whats.log'
