Downloading Chrome for Testing 151.0.7922.34 (playwright chromium v1234)[2m from https://cdn.playwright.dev/builds/cft/151.0.7922.34/win64/chrome-win64.zip[22m
|                                                                                |   0% of 191.8 MiB
|■■■■■■■■                                                                        |  10% of 191.8 MiB
|■■■■■■■■■■■■■■■■                                                                |  20% of 191.8 MiB
|■■■■■■■■■■■■■■■■■■■■■■■■                                                        |  30% of 191.8 MiB
|■■■■■■■■■■■■■■■■■■■■■■■■■■■■■■■■                                                |  40% of 191.8 MiB
|■■■■■■■■■■■■■■■■■■■■■■■■■■■■■■■■■■■■■■■■                                        |  50% of 191.8 MiB
|■■■■■■■■■■■■■■■■■■■■■■■■■■■■■■■■■■■■■■■■■■■■■■■■                                |  60% of 191.8 MiB
|■■■■■■■■■■■■■■■■■■■■■■■■■■■■■■■■■■■■■■■■■■■■■■■■■■■■■■■■                        |  70% of 191.8 MiB
|■■■■■■■■■■■■■■■■■■■■■■■■■■■■■■■■■■■■■■■■■■■■■■■■■■■■■■■■■■■■■■■■                |  80% of 191.8 MiB
|■■■■■■■■■■■■■■■■■■■■■■■■■■■■■■■■■■■■■■■■■■■■■■■■■■■■■■■■■■■■■■■■■■■■■■■■        |  90% of 191.8 MiB
|■■■■■■■■■■■■■■■■■■■■■■■■■■■■■■■■■■■■■■■■■■■■■■■■■■■■■■■■■■■■■■■■■■■■■■■■■■■■■■■■| 100% of 191.8 MiB
Chrome for Testing 151.0.7922.34 (playwright chromium v1234) downloaded to C:\Users\JJ\AppData\Local\ms-playwright\chromium-1234
Downloading FFmpeg (playwright ffmpeg v1011)[2m from https://cdn.playwright.dev/dbazure/download/playwright/builds/ffmpeg/1011/ffmpeg-win64.zip[22m
|                                                                                |   0% of 1.3 MiB
|■■■■■■■■                                                                        |  10% of 1.3 MiB
|■■■■■■■■■■■■■■■■                                                                |  20% of 1.3 MiB
|■■■■■■■■■■■■■■■■■■■■■■■■                                                        |  31% of 1.3 MiB
|■■■■■■■■■■■■■■■■■■■■■■■■■■■■■■■■                                                |  40% of 1.3 MiB
|■■■■■■■■■■■■■■■■■■■■■■■■■■■■■■■■■■■■■■■■                                        |  50% of 1.3 MiB
|■■■■■■■■■■■■■■■■■■■■■■■■■■■■■■■■■■■■■■■■■■■■■■■■                                |  60% of 1.3 MiB
|■■■■■■■■■■■■■■■■■■■■■■■■■■■■■■■■■■■■■■■■■■■■■■■■■■■■■■■■                        |  70% of 1.3 MiB
|■■■■■■■■■■■■■■■■■■■■■■■■■■■■■■■■■■■■■■■■■■■■■■■■■■■■■■■■■■■■■■■■                |  81% of 1.3 MiB
|■■■■■■■■■■■■■■■■■■■■■■■■■■■■■■■■■■■■■■■■■■■■■■■■■■■■■■■■■■■■■■■■■■■■■■■■        |  90% of 1.3 MiB
|■■■■■■■■■■■■■■■■■■■■■■■■■■■■■■■■■■■■■■■■■■■■■■■■■■■■■■■■■■■■■■■■■■■■■■■■■■■■■■■■| 100% of 1.3 MiB
FFmpeg (playwright ffmpeg v1011) downloaded to C:\Users\JJ\AppData\Local\ms-playwright\ffmpeg-1011
Downloading Chrome Headless Shell 151.0.7922.34 (playwright chromium-headless-shell v1234)[2m from https://cdn.playwright.dev/builds/cft/151.0.7922.34/win64/chrome-headless-shell-win64.zip[22m
|                                                                                |   0% of 114.5 MiB
|■■■■■■■■                                                                        |  10% of 114.5 MiB
|■■■■■■■■■■■■■■■■                                                                |  20% of 114.5 MiB
|■■■■■■■■■■■■■■■■■■■■■■■■                                                        |  30% of 114.5 MiB
|■■■■■■■■■■■■■■■■■■■■■■■■■■■■■■■■                                                |  40% of 114.5 MiB
|■■■■■■■■■■■■■■■■■■■■■■■■■■■■■■■■■■■■■■■■                                        |  50% of 114.5 MiB
|■■■■■■■■■■■■■■■■■■■■■■■■■■■■■■■■■■■■■■■■■■■■■■■■                                |  60% of 114.5 MiB
|■■■■■■■■■■■■■■■■■■■■■■■■■■■■■■■■■■■■■■■■■■■■■■■■■■■■■■■■                        |  70% of 114.5 MiB
|■■■■■■■■■■■■■■■■■■■■■■■■■■■■■■■■■■■■■■■■■■■■■■■■■■■■■■■■■■■■■■■■                |  80% of 114.5 MiB
|■■■■■■■■■■■■■■■■■■■■■■■■■■■■■■■■■■■■■■■■■■■■■■■■■■■■■■■■■■■■■■■■■■■■■■■■        |  90% of 114.5 MiB
|■■■■■■■■■■■■■■■■■■■■■■■■■■■■■■■■■■■■■■■■■■■■■■■■■■■■■■■■■■■■■■■■■■■■■■■■■■■■■■■■| 100% of 114.5 MiB
Chrome Headless Shell 151.0.7922.34 (playwright chromium-headless-shell v1234) downloaded to C:\Users\JJ\AppData\Local\ms-playwright\chromium_headless_shell-1234
Downloading Winldd (playwright winldd v1007)[2m from https://cdn.playwright.dev/dbazure/download/playwright/builds/winldd/1007/winldd-win64.zip[22m
|■■■■■■■■                                                                        |  12% of 0.1 MiB
|■■■■■■■■■■■■■■■■                                                                |  25% of 0.1 MiB
|■■■■■■■■■■■■■■■■■■■■■■■■                                                        |  38% of 0.1 MiB
|■■■■■■■■■■■■■■■■■■■■■■■■■■■■■■■■■■■■■■■■                                        |  50% of 0.1 MiB
|■■■■■■■■■■■■■■■■■■■■■■■■■■■■■■■■■■■■■■■■■■■■■■■■                                |  63% of 0.1 MiB
|■■■■■■■■■■■■■■■■■■■■■■■■■■■■■■■■■■■■■■■■■■■■■■■■■■■■■■■■                        |  76% of 0.1 MiB
|■■■■■■■■■■■■■■■■■■■■■■■■■■■■■■■■■■■■■■■■■■■■■■■■■■■■■■■■■■■■■■■■                |  89% of 0.1 MiB
|■■■■■■■■■■■■■■■■■■■■■■■■■■■■■■■■■■■■■■■■■■■■■■■■■■■■■■■■■■■■■■■■■■■■■■■■■■■■■■■■| 100% of 0.1 MiB
Winldd (playwright winldd v1007) downloaded to C:\Users\JJ\AppData\Local\ms-playwright\winldd-1007
